1736853608284 [INFO] Cache updated (ID: 1)
1736853609286 [INFO] Database connection established (ID: 2)
1736853610286 [WARNING] Database connection pool running low (ID: 3)
1736853611287 [WARNING] High memory usage detected (ID: 4)
1736853612288 [WARNING] Database connection pool running low (ID: 5)
1736853613287 [WARNING] Cache miss rate increasing (ID: 6)
1736853614289 [WARNING] API request slow response (ID: 7)
1736853615291 [WARNING] High memory usage detected (ID: 8)
1736853616292 [WARNING] Cache miss rate increasing (ID: 9)
1736853617292 [INFO] User logged in successfully (ID: 10)
1736853618293 [WARNING] High memory usage detected (ID: 11)
1736853619294 [ERROR] API endpoint returned 500 (ID: 12)
1736853620294 [ERROR] Network connection timeout (ID: 13)
1736853621295 [WARNING] High memory usage detected (ID: 14)
1736853622295 [WARNING] API request slow response (ID: 15)
1736853623296 [WARNING] Disk space running low (ID: 16)
1736853624298 [ERROR] Network connection timeout (ID: 17)
1736853625299 [WARNING] Disk space running low (ID: 18)
1736853626300 [WARNING] Database connection pool running low (ID: 19)
1736853627301 [ERROR] File processing error (ID: 20)
1736853628302 [WARNING] Database connection pool running low (ID: 21)